// Jest Snapshot v1, https://goo.gl/fbAQLP

exports[`Pruebas en el Entry view debe de mostrar la entrada correctamente 1`] = `
<div class="entry-title d-flex justify-content-between p-2">
  <div><span class="text-success fs-3 fw-bold">26</span><span class="mx-1 fs-3">Mayo</span><span class="mx-2 fs-4 fw-light">2022, Jueves</span></div>
  <div><input type="file" accept="image/*" style="display: none;"><button class="btn btn-danger mx-2"> Borrar <i class="fa fa-trash-alt mx-1"></i></button><button class="btn btn-primary"> Subir foto <i class="fa fa-upload mx-1"></i></button></div>
</div>
<hr>
<div class="d-flex flex-column px-3 h-75"><textarea placeholder="Â¿ Que sucedio hoy?"></textarea></div>
<!-- <img class="img-thumbnail" src="https://www.solofondos.com/wp-content/uploads/2015/04/Fondos-de-paisajes.jpg" alt="paisaje"> -->
<!--v-if-->
<!--v-if-->
<!--v-if-->
<fab-stub icon="fa-save"></fab-stub>
`;
